// Jest Snapshot v1, https://goo.gl/fbAQLP

exports[`Review component tests renders the component 1`] = `
<div>
  <div
    className="reviewsContainer"
  >
    <div>
      <div
        className="individualReviewContainer"
      >
        <div
          className="reviewUserInfo"
        >
          <div
            className="reviewUserInitials"
          >
            TB
          </div>
          <span
            className="reviewInfo"
          >
            <div
              className="reviewDate"
            >
              a few seconds ago
            </div>
            <div />
          </span>
        </div>
        <div
          className="reviewRatingAndText"
        >
          <div>
            <img
              className="reviewStars"
              src="https://s3.us-east-2.amazonaws.com/udemy-demo-tarik/5+stars+white.png"
            />
          </div>
          <div>
            something
          </div>
        </div>
      </div>
    </div>
    <div>
      <div
        className="individualReviewContainer"
      >
        <div
          className="reviewUserInfo"
        >
          <div
            className="reviewUserInitials"
          >
            TB
          </div>
          <span
            className="reviewInfo"
          >
            <div
              className="reviewDate"
            >
              a few seconds ago
            </div>
            <div />
          </span>
        </div>
        <div
          className="reviewRatingAndText"
        >
          <div>
            <img
              className="reviewStars"
              src="https://s3.us-east-2.amazonaws.com/udemy-demo-tarik/5+stars+white.png"
            />
          </div>
          <div>
            something
          </div>
        </div>
      </div>
    </div>
    <div>
      <div
        className="individualReviewContainer"
      >
        <div
          className="reviewUserInfo"
        >
          <div
            className="reviewUserInitials"
          >
            TB
          </div>
          <span
            className="reviewInfo"
          >
            <div
              className="reviewDate"
            >
              a few seconds ago
            </div>
            <div />
          </span>
        </div>
        <div
          className="reviewRatingAndText"
        >
          <div>
            <img
              className="reviewStars"
              src="https://s3.us-east-2.amazonaws.com/udemy-demo-tarik/5+stars+white.png"
            />
          </div>
          <div>
            something
          </div>
        </div>
      </div>
    </div>
    <div>
      <div
        className="individualReviewContainer"
      >
        <div
          className="reviewUserInfo"
        >
          <div
            className="reviewUserInitials"
          >
            TB
          </div>
          <span
            className="reviewInfo"
          >
            <div
              className="reviewDate"
            >
              a few seconds ago
            </div>
            <div />
          </span>
        </div>
        <div
          className="reviewRatingAndText"
        >
          <div>
            <img
              className="reviewStars"
              src="https://s3.us-east-2.amazonaws.com/udemy-demo-tarik/5+stars+white.png"
            />
          </div>
          <div>
            something
          </div>
        </div>
      </div>
    </div>
    <div>
      <div
        className="individualReviewContainer"
      >
        <div
          className="reviewUserInfo"
        >
          <div
            className="reviewUserInitials"
          >
            TB
          </div>
          <span
            className="reviewInfo"
          >
            <div
              className="reviewDate"
            >
              a few seconds ago
            </div>
            <div />
          </span>
        </div>
        <div
          className="reviewRatingAndText"
        >
          <div>
            <img
              className="reviewStars"
              src="https://s3.us-east-2.amazonaws.com/udemy-demo-tarik/5+stars+white.png"
            />
          </div>
          <div>
            something
          </div>
        </div>
      </div>
    </div>
    <div>
      <div
        className="individualReviewContainer"
      >
        <div
          className="reviewUserInfo"
        >
          <div
            className="reviewUserInitials"
          >
            TB
          </div>
          <span
            className="reviewInfo"
          >
            <div
              className="reviewDate"
            >
              a few seconds ago
            </div>
            <div />
          </span>
        </div>
        <div
          className="reviewRatingAndText"
        >
          <div>
            <img
              className="reviewStars"
              src="https://s3.us-east-2.amazonaws.com/udemy-demo-tarik/5+stars+white.png"
            />
          </div>
          <div>
            something
          </div>
        </div>
      </div>
    </div>
    <div>
      <div
        className="individualReviewContainer"
      >
        <div
          className="reviewUserInfo"
        >
          <div
            className="reviewUserInitials"
          >
            TB
          </div>
          <span
            className="reviewInfo"
          >
            <div
              className="reviewDate"
            >
              a few seconds ago
            </div>
            <div />
          </span>
        </div>
        <div
          className="reviewRatingAndText"
        >
          <div>
            <img
              className="reviewStars"
              src="https://s3.us-east-2.amazonaws.com/udemy-demo-tarik/5+stars+white.png"
            />
          </div>
          <div>
            something
          </div>
        </div>
      </div>
    </div>
    <div>
      <div
        className="individualReviewContainer"
      >
        <div
          className="reviewUserInfo"
        >
          <div
            className="reviewUserInitials"
          >
            TB
          </div>
          <span
            className="reviewInfo"
          >
            <div
              className="reviewDate"
            >
              a few seconds ago
            </div>
            <div />
          </span>
        </div>
        <div
          className="reviewRatingAndText"
        >
          <div>
            <img
              className="reviewStars"
              src="https://s3.us-east-2.amazonaws.com/udemy-demo-tarik/5+stars+white.png"
            />
          </div>
          <div>
            something
          </div>
        </div>
      </div>
    </div>
    <div>
      <div
        className="individualReviewContainer"
      >
        <div
          className="reviewUserInfo"
        >
          <div
            className="reviewUserInitials"
          >
            TB
          </div>
          <span
            className="reviewInfo"
          >
            <div
              className="reviewDate"
            >
              a few seconds ago
            </div>
            <div />
          </span>
        </div>
        <div
          className="reviewRatingAndText"
        >
          <div>
            <img
              className="reviewStars"
              src="https://s3.us-east-2.amazonaws.com/udemy-demo-tarik/5+stars+white.png"
            />
          </div>
          <div>
            something
          </div>
        </div>
      </div>
    </div>
    <div>
      <div
        className="individualReviewContainer"
      >
        <div
          className="reviewUserInfo"
        >
          <div
            className="reviewUserInitials"
          >
            TB
          </div>
          <span
            className="reviewInfo"
          >
            <div
              className="reviewDate"
            >
              a few seconds ago
            </div>
            <div />
          </span>
        </div>
        <div
          className="reviewRatingAndText"
        >
          <div>
            <img
              className="reviewStars"
              src="https://s3.us-east-2.amazonaws.com/udemy-demo-tarik/5+stars+white.png"
            />
          </div>
          <div>
            something
          </div>
        </div>
      </div>
    </div>
  </div>
  <div
    className="seeMoreButtonHolder"
  >
    <button
      className="seeMoreButton"
      onClick={[Function]}
    >
      See more reviews
    </button>
  </div>
</div>
`;
